≡ƒÜÇ Starting Car Wash Flow Test (with DB Setup)...

Has User: true
Has Vehicle: false
Has VehicleBrand: true
0∩╕ÅΓâú Keying up Test Data...
2026-01-31 17:55:47 [[32minfo[39m]: Starting a mysql pool with 13 connections. {"service":"autoservice-api","target":"quaint::pooled"}
Γ£à Created Customer: test.customer.1769874947577@akfeek.com
Γ£à Created Vehicle: dbeba832-ea31-4cab-a72e-62fa3c4301ad

1∩╕ÅΓâú Logging in as Customer...
Γ£à Customer Logged In.

2∩╕ÅΓâú Creating Car Wash Request...
Γ£à Request Broadcasted! ID: 228a04d2-4ace-4fde-bf5f-a773d69c7c8a

3∩╕ÅΓâú Logging in as Technician...
Γ£à Technician Logged In.

4∩╕ÅΓâú Submitting Offer...
Γ£à Offer Submitted! ID: e612d8c8-3b74-4b78-a901-055c5b529ce0

≡ƒæç RESULTS (Copy these): ≡ƒæç
{
  "broadcastId": "228a04d2-4ace-4fde-bf5f-a773d69c7c8a",
  "offerId": "e612d8c8-3b74-4b78-a901-055c5b529ce0"
}

≡ƒæë To Accept: POST /api/bookings/carwash/228a04d2-4ace-4fde-bf5f-a773d69c7c8a/offers/e612d8c8-3b74-4b78-a901-055c5b529ce0/accept
   Headers: { Authorization: "Bearer eyJhbGciOiJIUzI1NiIsInR5cCI6IkpXVCJ9.eyJ1c2VySWQiOiI0NWE0YWFiNy00NTRlLTRiYmItYTY2NS1lYmRmNzFhZGY3NzYiLCJyb2xlIjoiQ1VTVE9NRVIiLCJlbWFpbCI6InRlc3QuY3VzdG9tZXIuMTc2OTg3NDk0NzU3N0Bha2ZlZWsuY29tIiwiaWF0IjoxNzY5ODc0OTQ3LCJleHAiOjE3NzA0Nzk3NDd9.WxLe2KPLfHlVJFaV5wpA5o2uG4mEUS6UBXTqbWX_NYc" }
